c:\users\djsch\github\d2rhud-2.4\d2rhud\d2rhud\x64\release\vc143.pdb
c:\users\djsch\github\d2rhud-2.4\d2rhud\d2rhud\x64\release\wndprochook.obj
c:\users\djsch\github\d2rhud-2.4\d2rhud\d2rhud\x64\release\stashsearch.obj
c:\users\djsch\github\d2rhud-2.4\d2rhud\d2rhud\x64\release\grailtracker.obj
c:\users\djsch\github\d2rhud-2.4\d2rhud\d2rhud\x64\release\floatingdamage.obj
c:\users\djsch\github\d2rhud-2.4\d2rhud\d2rhud\x64\release\d2rhud.obj
c:\users\djsch\github\d2rhud-2.4\d2rhud\d2rhud\x64\release\pluginmanager.obj
c:\users\djsch\github\d2rhud-2.4\d2rhud\d2rhud\x64\release\keymappings.obj
c:\users\djsch\github\d2rhud-2.4\d2rhud\d2rhud\x64\release\itemfilter.obj
c:\users\djsch\github\d2rhud-2.4\d2rhud\d2rhud\x64\release\pattern.obj
c:\users\djsch\github\d2rhud-2.4\d2rhud\d2rhud\x64\release\dllmain.obj
c:\users\djsch\github\d2rhud-2.4\d2rhud\d2rhud\x64\release\d3d12hook.obj
c:\users\djsch\github\d2rhud-2.4\d2rhud\x64\release\d2rhud.dll
c:\users\djsch\github\d2rhud-2.4\d2rhud\x64\release\d2rhud.map
c:\users\djsch\github\d2rhud-2.4\d2rhud\x64\release\d2rhud.pdb
c:\users\djsch\github\d2rhud-2.4\d2rhud\d2rhud\x64\release\fonts.res
c:\users\djsch\github\d2rhud-2.4\d2rhud\d2rhud\x64\release\d2rhud.ipdb
c:\users\djsch\github\d2rhud-2.4\d2rhud\d2rhud\x64\release\d2rhud.iobj
c:\users\djsch\github\d2rhud-2.4\d2rhud\d2rhud\x64\release\d2rhud.tlog\cl.command.1.tlog
c:\users\djsch\github\d2rhud-2.4\d2rhud\d2rhud\x64\release\d2rhud.tlog\cl.items.tlog
c:\users\djsch\github\d2rhud-2.4\d2rhud\d2rhud\x64\release\d2rhud.tlog\cl.read.1.tlog
c:\users\djsch\github\d2rhud-2.4\d2rhud\d2rhud\x64\release\d2rhud.tlog\cl.write.1.tlog
c:\users\djsch\github\d2rhud-2.4\d2rhud\d2rhud\x64\release\d2rhud.tlog\link.command.1.tlog
c:\users\djsch\github\d2rhud-2.4\d2rhud\d2rhud\x64\release\d2rhud.tlog\link.read.1.tlog
c:\users\djsch\github\d2rhud-2.4\d2rhud\d2rhud\x64\release\d2rhud.tlog\link.secondary.1.tlog
c:\users\djsch\github\d2rhud-2.4\d2rhud\d2rhud\x64\release\d2rhud.tlog\link.write.1.tlog
c:\users\djsch\github\d2rhud-2.4\d2rhud\d2rhud\x64\release\d2rhud.tlog\rc.command.1.tlog
c:\users\djsch\github\d2rhud-2.4\d2rhud\d2rhud\x64\release\d2rhud.tlog\rc.read.1.tlog
c:\users\djsch\github\d2rhud-2.4\d2rhud\d2rhud\x64\release\d2rhud.tlog\rc.write.1.tlog
